=== chain7 启动 07:02:22 ===
--- 1. 全域 drain (gap 补缺 + watermark 转正; 兼明天 daily_update Step 2.95 预演) ---
  "domain": "moneyflow_hsgt",
  "status": "error",
  "error": "Binder Error: There are no UNIQUE/PRIMARY KEY constraints that refer to this table, specify ON CONFLICT columns manually"
 },
 {
  "domain": "dividend",
  "status": "error",
  "error": "Binder Error: There are no UNIQUE/PRIMARY KEY constraints that refer to this table, specify ON CONFLICT columns manually"
 },
 {
  "domain": "adj_factor",
  "status": "error",
  "error": "Binder Error: There are no UNIQUE/PRIMARY KEY constraints that refer to this table, specify ON CONFLICT columns manually"
 },
 {
  "domain": "daily",
  "status": "error",
  "error": "Binder Error: There are no UNIQUE/PRIMARY KEY constraints that refer to this table, specify ON CONFLICT columns manually"
 },
 {
  "domain": "daily_basic",
  "status": "error",
  "error": "Binder Error: There are no UNIQUE/PRIMARY KEY constraints that refer to this table, specify ON CONFLICT columns manually"
 },
 {
  "domain": "cyq_perf",
  "status": "error",
  "error": "Binder Error: There are no UNIQUE/PRIMARY KEY constraints that refer to this table, specify ON CONFLICT columns manually"
 }
]
--- 2. top_inst 全史回填 (2005 起, 分页) 10:12:18 ---
  "ok": false
 }
]
--- 3. fina_mainbz 全市场回填 (by_ts_code ~5300 调用) 12:09:42 ---

LINE 2:                 SELECT DISTINCT code FROM market.price_kline_tdxhub
                                                  ^
=== chain7 完成 12:09:42 ===
数据迁移状态 (registry 驱动) — verdict=WARN
  注册域 22 | 已落库 15 | 未同步 7 | stale 0 | 有未决失败 4 | 总行 18,010,037 | 日历最新 20260611

  域                      状态                         行数       最新日  SLA   失败
