=== chain7 完成, C0 审计启动 12:09:49 ===
   "value": 0.8972,
   "threshold": 0.95,
   "pass": false
  },
  "J2_median_abs_delta_pp": {
   "value": 8.53,
   "threshold": 5.0,
   "pass": false
  },
  "J3_hishigh_match": {
   "value": 0.072,
   "threshold": 0.99,
   "pass": false
  }
 },
 "exdiv_jump_pp": {
  "n": 75,
  "median": 8.11,
  "p90": 32.28,
  "interpretation": "median 跳变大 (>10pp) = tushare winner_rate 为未复权坐标口径; 平滑 = 复权口径"
 },
 "n_stocks": 38
}

完整结果: /Users/dp/Documents/M/stock/chunkymonkey/analysis/c0_cyq_audit_20260612.json
=== C0 完成 12:09:52 ===
