[ablation] panel cols: 143, feature_cols: 135
[ablation] feature groups:
  alpha158: 64 cols
  smart_money: 9 cols
  vol_mom: 8 cols
  fundamental: 8 cols
  lhb: 7 cols
  calendar: 7 cols
  formula: 6 cols
  sector: 5 cols
  executive: 5 cols
  survey: 4 cols
  institution: 4 cols
  context: 4 cols
  event_window: 2 cols
  holder: 2 cols

[ablation] loading train+test panel data ...
[ablation] train rows: 3,485,846 (2023-01-03 → 2025-11-28)
[ablation] test rows:  447,697 (2025-12-01 → 2026-04-14)

[ablation] === BASELINE (all 135 features) ===
/home/morrison416cn_gmail_com/chunkymonkey/.venv/lib/python3.11/site-packages/sklearn/utils/validation.py:2691: UserWarning: X does not have valid feature names, but LGBMRegressor was fitted with feature names
  warnings.warn(
/home/morrison416cn_gmail_com/chunkymonkey/.venv/lib/python3.11/site-packages/sklearn/utils/validation.py:2691: UserWarning: X does not have valid feature names, but LGBMRegressor was fitted with feature names
  warnings.warn(
  IS RankIC: 0.22070
  OOS RankIC: 0.05929 (std 0.06884, IR 8.080)
  relative_drop: 73.13%
  n_test_dates: 88

[ablation] === drop alpha158 (64 cols, 71 remain) ===
/home/morrison416cn_gmail_com/chunkymonkey/.venv/lib/python3.11/site-packages/sklearn/utils/validation.py:2691: UserWarning: X does not have valid feature names, but LGBMRegressor was fitted with feature names
  warnings.warn(
/home/morrison416cn_gmail_com/chunkymonkey/.venv/lib/python3.11/site-packages/sklearn/utils/validation.py:2691: UserWarning: X does not have valid feature names, but LGBMRegressor was fitted with feature names
  warnings.warn(
  IS: 0.21056  OOS: 0.05149 (delta -0.00781)
  rel_drop: 75.55% (vs baseline 73.13%, delta +2.41pp)

[ablation] === drop institution (4 cols, 131 remain) ===
/home/morrison416cn_gmail_com/chunkymonkey/.venv/lib/python3.11/site-packages/sklearn/utils/validation.py:2691: UserWarning: X does not have valid feature names, but LGBMRegressor was fitted with feature names
  warnings.warn(
/home/morrison416cn_gmail_com/chunkymonkey/.venv/lib/python3.11/site-packages/sklearn/utils/validation.py:2691: UserWarning: X does not have valid feature names, but LGBMRegressor was fitted with feature names
  warnings.warn(
  IS: 0.22929  OOS: 0.05937 (delta ++0.00007)
  rel_drop: 74.11% (vs baseline 73.13%, delta +0.98pp)

[ablation] === drop lhb (7 cols, 128 remain) ===
/home/morrison416cn_gmail_com/chunkymonkey/.venv/lib/python3.11/site-packages/sklearn/utils/validation.py:2691: UserWarning: X does not have valid feature names, but LGBMRegressor was fitted with feature names
  warnings.warn(
/home/morrison416cn_gmail_com/chunkymonkey/.venv/lib/python3.11/site-packages/sklearn/utils/validation.py:2691: UserWarning: X does not have valid feature names, but LGBMRegressor was fitted with feature names
  warnings.warn(
  IS: 0.22030  OOS: 0.06171 (delta ++0.00242)
  rel_drop: 71.99% (vs baseline 73.13%, delta -1.15pp)

[ablation] === drop executive (5 cols, 130 remain) ===
/home/morrison416cn_gmail_com/chunkymonkey/.venv/lib/python3.11/site-packages/sklearn/utils/validation.py:2691: UserWarning: X does not have valid feature names, but LGBMRegressor was fitted with feature names
  warnings.warn(
/home/morrison416cn_gmail_com/chunkymonkey/.venv/lib/python3.11/site-packages/sklearn/utils/validation.py:2691: UserWarning: X does not have valid feature names, but LGBMRegressor was fitted with feature names
  warnings.warn(
  IS: 0.22640  OOS: 0.06082 (delta ++0.00153)
  rel_drop: 73.14% (vs baseline 73.13%, delta +0.00pp)

[ablation] === drop survey (4 cols, 131 remain) ===
/home/morrison416cn_gmail_com/chunkymonkey/.venv/lib/python3.11/site-packages/sklearn/utils/validation.py:2691: UserWarning: X does not have valid feature names, but LGBMRegressor was fitted with feature names
  warnings.warn(
/home/morrison416cn_gmail_com/chunkymonkey/.venv/lib/python3.11/site-packages/sklearn/utils/validation.py:2691: UserWarning: X does not have valid feature names, but LGBMRegressor was fitted with feature names
  warnings.warn(
  IS: 0.22228  OOS: 0.06230 (delta ++0.00301)
  rel_drop: 71.97% (vs baseline 73.13%, delta -1.16pp)

[ablation] === drop event_window (2 cols, 133 remain) ===
/home/morrison416cn_gmail_com/chunkymonkey/.venv/lib/python3.11/site-packages/sklearn/utils/validation.py:2691: UserWarning: X does not have valid feature names, but LGBMRegressor was fitted with feature names
  warnings.warn(
/home/morrison416cn_gmail_com/chunkymonkey/.venv/lib/python3.11/site-packages/sklearn/utils/validation.py:2691: UserWarning: X does not have valid feature names, but LGBMRegressor was fitted with feature names
  warnings.warn(
  IS: 0.22121  OOS: 0.05917 (delta -0.00012)
  rel_drop: 73.25% (vs baseline 73.13%, delta +0.12pp)

[ablation] === drop holder (2 cols, 133 remain) ===
/home/morrison416cn_gmail_com/chunkymonkey/.venv/lib/python3.11/site-packages/sklearn/utils/validation.py:2691: UserWarning: X does not have valid feature names, but LGBMRegressor was fitted with feature names
  warnings.warn(
/home/morrison416cn_gmail_com/chunkymonkey/.venv/lib/python3.11/site-packages/sklearn/utils/validation.py:2691: UserWarning: X does not have valid feature names, but LGBMRegressor was fitted with feature names
  warnings.warn(
  IS: 0.22070  OOS: 0.05929 (delta +0.00000)
  rel_drop: 73.13% (vs baseline 73.13%, delta +0.00pp)

[ablation] === drop smart_money (9 cols, 126 remain) ===
/home/morrison416cn_gmail_com/chunkymonkey/.venv/lib/python3.11/site-packages/sklearn/utils/validation.py:2691: UserWarning: X does not have valid feature names, but LGBMRegressor was fitted with feature names
  warnings.warn(
/home/morrison416cn_gmail_com/chunkymonkey/.venv/lib/python3.11/site-packages/sklearn/utils/validation.py:2691: UserWarning: X does not have valid feature names, but LGBMRegressor was fitted with feature names
  warnings.warn(
  IS: 0.22070  OOS: 0.05929 (delta +0.00000)
  rel_drop: 73.13% (vs baseline 73.13%, delta +0.00pp)

[ablation] === drop sector (5 cols, 130 remain) ===
/home/morrison416cn_gmail_com/chunkymonkey/.venv/lib/python3.11/site-packages/sklearn/utils/validation.py:2691: UserWarning: X does not have valid feature names, but LGBMRegressor was fitted with feature names
  warnings.warn(
/home/morrison416cn_gmail_com/chunkymonkey/.venv/lib/python3.11/site-packages/sklearn/utils/validation.py:2691: UserWarning: X does not have valid feature names, but LGBMRegressor was fitted with feature names
  warnings.warn(
  IS: 0.18124  OOS: 0.01253 (delta -0.04676)
  rel_drop: 93.09% (vs baseline 73.13%, delta +19.95pp)

[ablation] === drop calendar (7 cols, 128 remain) ===
/home/morrison416cn_gmail_com/chunkymonkey/.venv/lib/python3.11/site-packages/sklearn/utils/validation.py:2691: UserWarning: X does not have valid feature names, but LGBMRegressor was fitted with feature names
  warnings.warn(
/home/morrison416cn_gmail_com/chunkymonkey/.venv/lib/python3.11/site-packages/sklearn/utils/validation.py:2691: UserWarning: X does not have valid feature names, but LGBMRegressor was fitted with feature names
  warnings.warn(
  IS: 0.21915  OOS: 0.05420 (delta -0.00509)
  rel_drop: 75.27% (vs baseline 73.13%, delta +2.13pp)

[ablation] === drop formula (6 cols, 129 remain) ===
/home/morrison416cn_gmail_com/chunkymonkey/.venv/lib/python3.11/site-packages/sklearn/utils/validation.py:2691: UserWarning: X does not have valid feature names, but LGBMRegressor was fitted with feature names
  warnings.warn(
/home/morrison416cn_gmail_com/chunkymonkey/.venv/lib/python3.11/site-packages/sklearn/utils/validation.py:2691: UserWarning: X does not have valid feature names, but LGBMRegressor was fitted with feature names
  warnings.warn(
  IS: 0.22070  OOS: 0.05929 (delta +0.00000)
  rel_drop: 73.13% (vs baseline 73.13%, delta +0.00pp)

[ablation] === drop vol_mom (8 cols, 127 remain) ===
/home/morrison416cn_gmail_com/chunkymonkey/.venv/lib/python3.11/site-packages/sklearn/utils/validation.py:2691: UserWarning: X does not have valid feature names, but LGBMRegressor was fitted with feature names
  warnings.warn(
/home/morrison416cn_gmail_com/chunkymonkey/.venv/lib/python3.11/site-packages/sklearn/utils/validation.py:2691: UserWarning: X does not have valid feature names, but LGBMRegressor was fitted with feature names
  warnings.warn(
  IS: 0.21413  OOS: 0.05099 (delta -0.00830)
  rel_drop: 76.19% (vs baseline 73.13%, delta +3.05pp)

[ablation] === drop fundamental (8 cols, 127 remain) ===
/home/morrison416cn_gmail_com/chunkymonkey/.venv/lib/python3.11/site-packages/sklearn/utils/validation.py:2691: UserWarning: X does not have valid feature names, but LGBMRegressor was fitted with feature names
  warnings.warn(
/home/morrison416cn_gmail_com/chunkymonkey/.venv/lib/python3.11/site-packages/sklearn/utils/validation.py:2691: UserWarning: X does not have valid feature names, but LGBMRegressor was fitted with feature names
  warnings.warn(
  IS: 0.21560  OOS: 0.07063 (delta ++0.01133)
  rel_drop: 67.24% (vs baseline 73.13%, delta -5.89pp)

[ablation] === drop context (4 cols, 131 remain) ===
/home/morrison416cn_gmail_com/chunkymonkey/.venv/lib/python3.11/site-packages/sklearn/utils/validation.py:2691: UserWarning: X does not have valid feature names, but LGBMRegressor was fitted with feature names
  warnings.warn(
/home/morrison416cn_gmail_com/chunkymonkey/.venv/lib/python3.11/site-packages/sklearn/utils/validation.py:2691: UserWarning: X does not have valid feature names, but LGBMRegressor was fitted with feature names
  warnings.warn(
  IS: 0.21393  OOS: 0.05758 (delta -0.00171)
  rel_drop: 73.08% (vs baseline 73.13%, delta -0.05pp)

======================================================================
SUMMARY — sorted by OOS RankIC delta vs baseline
======================================================================
config                           OOS RankIC      delta   rel_drop   n_feat
----------------------------------------------------------------------
drop_fundamental                    0.07063   +0.01133     67.24%      127
drop_survey                         0.06230   +0.00301     71.97%      131
drop_lhb                            0.06171   +0.00242     71.99%      128
drop_executive                      0.06082   +0.00153     73.14%      130
drop_institution                    0.05937   +0.00007     74.11%      131
baseline                            0.05929   +0.00000     73.13%      135
drop_holder                         0.05929   +0.00000     73.13%      133
drop_smart_money                    0.05929   +0.00000     73.13%      126
drop_formula                        0.05929   +0.00000     73.13%      129
drop_event_window                   0.05917   -0.00012     73.25%      133
drop_context                        0.05758   -0.00171     73.08%      131
drop_calendar                       0.05420   -0.00509     75.27%      128
drop_alpha158                       0.05149   -0.00781     75.55%       71
drop_vol_mom                        0.05099   -0.00830     76.19%      127
drop_sector                         0.01253   -0.04676     93.09%      130

Interpretation:
  drop_X > baseline = X adds noise/overfit (drop X helps)
  drop_X < baseline = X carries useful signal (keep X)
