Traceback (most recent call last):
  File "/Users/dp/Documents/M/stock/chunkymonkey/backend/scripts/org_holding_period_repair_truncated.py", line 156, in <module>
    raise SystemExit(main())
                     ~~~~^^
  File "/Users/dp/Documents/M/stock/chunkymonkey/backend/scripts/org_holding_period_repair_truncated.py", line 122, in main
    conn = get_conn()
  File "/Users/dp/Documents/M/s{
  "status": "partial",
  "repaired_count": 1,
  "remaining_truncated": 19,
  "repairs": [
    {
      "report_date": "2025-06-30",
      "before_rows": 240000,
      "before_stocks": 1985,
      "after_rows": 745991,
      "after_stocks": 5464,
      "sync_status": "ok",
      "provider_count": 745991,
      "fetched_rows": 745991,
      "truncated": false,
      "shard_count": 9
    }
  ],
  "truncated_before_count": 20,
  "truncated_after_count": 19
}
_s = self._connect_with_retry(
                                         ~~~~~~~~~~~~~~~~~~~~~~~~^
        db_path,
        ^^^^^^^^
        read_only=read_only,
        ^^^^^^^^^^^^^^^^^^^^
        timeout=timeout,
        ^^^^^^^^^^^^^^^^
    )
    ^
  File "/Users/dp/Documents/M/stock/chunkymonkey/backend/services/duck_adapter.py", line 175, in _connect_with_retry
    return duckdb.connect(db_path, read_only=read_only), round(lock_wait_s, 6)
           ~~~~~~~~~~~~~~^^^^^^^^^^^^^^^^^^^^^^^^^^^^^^
_duckdb.IOException: IO Error: Could not set lock on file "/Users/dp/Documents/M/stock/chunkymonkey/data/smartmoney.duckdb": Conflicting lock is held in /opt/homebrew/Cellar/python@3.13/3.13.13/Frameworks/Python.framework/Versions/3.13/Resources/Python.app/Contents/MacOS/Python (PID 14527) by user dp. See also https://duckdb.org/docs/stable/connect/concurrency
