truncated_before: {"count": 24, "periods": ["2018-12-31", "2019-03-31", "2019-06-30", "2019-09-30", "2019-12-31", "2020-03-31", "2020-06-30", "2020-09-30", "2020-12-31", "2021-03-31", "2021-06-30", "2021-09-30", "2021-12-31", "2022-03-31", "2022-06-30", "2022-09-30", "2022-12-31", "2023-03-31", "2023-06-30", "2023-12-31", "2024-06-30", "2024-12-31", "2025-06-30", "2025-12-31"]}
[org-trunc-repair] 1/1 period=2025-12-31 before rows=495209 stocks=3589
{
  "status": "partial",
  "repaired_count": 1,
  "remaining_truncated": 23,
  "repairs": [
    {
      "report_date": "2025-12-31",
      "before_rows": 495209,
      "before_stocks": 3589,
      "after_rows": 832907,
      "after_stocks": 5523,
      "sync_status": "ok",
      "provider_count": 832906,
      "fetched_rows": 832906,
      "truncated": false,
      "shard_count": 16
    }
  ],
  "truncated_before_count": 24,
  "truncated_after_count": 23
}
